[INFO] Scanning for projects...
[INFO] 
[INFO] --------------------------< com.example:demo >--------------------------
[INFO] Building demo 0.0.1-SNAPSHOT
[INFO]   from pom.xml
[INFO] --------------------------------[ jar ]---------------------------------
[INFO] 
[INFO] --- resources:3.3.1:resources (default-resources) @ demo ---
[INFO] Copying 1 resource from src\main\resources to target\classes
[INFO] Copying 0 resource from src\main\resources to target\classes
[INFO] 
[INFO] --- compiler:3.14.1:compile (default-compile) @ demo ---
[INFO] Nothing to compile - all classes are up to date.
[INFO] 
[INFO] --- resources:3.3.1:testResources (default-testResources) @ demo ---
[INFO] skip non existing resourceDirectory C:\Users\tomer\Desktop\Plum Benefits\src\test\resources
[INFO] 
[INFO] --- compiler:3.14.1:testCompile (default-testCompile) @ demo ---
[INFO] Recompiling the module because of changed source code.
[INFO] Compiling 2 source files with javac [debug parameters release 21] to target\test-classes
[INFO] -------------------------------------------------------------
[ERROR] COMPILATION ERROR : 
[INFO] -------------------------------------------------------------
[ERROR] /C:/Users/tomer/Desktop/Plum Benefits/src/test/java/com/example/demo/controller/AppointmentControllerTest.java:[8,38] package com.fasterxml.jackson.databind does not exist
[ERROR] /C:/Users/tomer/Desktop/Plum Benefits/src/test/java/com/example/demo/controller/AppointmentControllerTest.java:[11,63] package org.springframework.boot.test.autoconfigure.web.servlet does not exist
[ERROR] /C:/Users/tomer/Desktop/Plum Benefits/src/test/java/com/example/demo/controller/AppointmentControllerTest.java:[21,2] cannot find symbol
  symbol: class WebMvcTest
[ERROR] /C:/Users/tomer/Desktop/Plum Benefits/src/test/java/com/example/demo/controller/AppointmentControllerTest.java:[28,13] cannot find symbol
  symbol:   class ObjectMapper
  location: class com.example.demo.controller.AppointmentControllerTest
[INFO] 4 errors 
[INFO] -------------------------------------------------------------
[INFO] ------------------------------------------------------------------------
[INFO] BUILD FAILURE
[INFO] ------------------------------------------------------------------------
[INFO] Total time:  2.567 s
[INFO] Finished at: 2025-12-02T23:48:04+05:30
[INFO] ------------------------------------------------------------------------
[ERROR] Failed to execute goal org.apache.maven.plugins:maven-compiler-plugin:3.14.1:testCompile (default-testCompile) on project demo: Compilation failure: Compilation failure: 
[ERROR] /C:/Users/tomer/Desktop/Plum Benefits/src/test/java/com/example/demo/controller/AppointmentControllerTest.java:[8,38] package com.fasterxml.jackson.databind does not exist
[ERROR] /C:/Users/tomer/Desktop/Plum Benefits/src/test/java/com/example/demo/controller/AppointmentControllerTest.java:[11,63] package org.springframework.boot.test.autoconfigure.web.servlet does not exist
[ERROR] /C:/Users/tomer/Desktop/Plum Benefits/src/test/java/com/example/demo/controller/AppointmentControllerTest.java:[21,2] cannot find symbol
[ERROR]   symbol: class WebMvcTest
[ERROR] /C:/Users/tomer/Desktop/Plum Benefits/src/test/java/com/example/demo/controller/AppointmentControllerTest.java:[28,13] cannot find symbol
[ERROR]   symbol:   class ObjectMapper
[ERROR]   location: class com.example.demo.controller.AppointmentControllerTest
[ERROR] -> [Help 1]
[ERROR] 
[ERROR] To see the full stack trace of the errors, re-run Maven with the -e switch.
[ERROR] Re-run Maven using the -X switch to enable full debug logging.
[ERROR] 
[ERROR] For more information about the errors and possible solutions, please read the following articles:
[ERROR] [Help 1] http://cwiki.apache.org/confluence/display/MAVEN/MojoFailureException
